0 verbose cli C:\Program Files\nodejs\node.exe C:\Program Files\nodejs\node_modules\npm\bin\npm-cli.js
1 info using npm@11.6.2
2 info using node@v24.11.1
3 silly config load:file:C:\Program Files\nodejs\node_modules\npm\npmrc
4 silly config load:file:C:\Users\AI LAB 32\.npmrc
5 silly config load:file:C:\Project\SoftwaredsnL\VSCode\Magnus\frontend\%AppData%\npm\etc\npmrc
6 verbose title npm install npm@11.7.0
7 verbose argv "install" "--global" "npm@11.7.0"
8 verbose logfile logs-max:10 dir:C:\Project\SoftwaredsnL\VSCode\Magnus\frontend\%AppData%\npm-cache\_logs\2026-01-08T12_05_06_055Z-
9 verbose logfile C:\Project\SoftwaredsnL\VSCode\Magnus\frontend\%AppData%\npm-cache\_logs\2026-01-08T12_05_06_055Z-debug-0.log
10 silly logfile done cleaning log files
11 http fetch GET 200 https://registry.npmjs.org/npm 501ms (cache miss)
12 silly packumentCache heap:4496293888 maxSize:1124073472 maxEntrySize:562036736
13 silly idealTree buildDeps
14 silly fetch manifest npm@11.7.0
15 silly packumentCache full:https://registry.npmjs.org/npm cache-miss
16 http fetch GET 200 https://registry.npmjs.org/npm 1164ms (cache miss)
17 silly packumentCache full:https://registry.npmjs.org/npm set size:undefined disposed:false
18 silly placeDep ROOT npm@11.7.0 OK for:  want: 11.7.0
19 silly reify moves {}
20 http cache npm@https://registry.npmjs.org/npm/-/npm-11.7.0.tgz 0ms (cache hit)
21 silly tarball no local data for npm@https://registry.npmjs.org/npm/-/npm-11.7.0.tgz. Extracting by manifest.
22 http fetch GET 200 https://registry.npmjs.org/npm/-/npm-11.7.0.tgz 1427ms (cache miss)
23 silly ADD node_modules/npm
24 verbose cwd C:\Project\SoftwaredsnL\VSCode\Magnus\frontend
25 verbose os Windows_NT 10.0.22621
26 verbose node v24.11.1
27 verbose npm  v11.6.2
28 verbose exit 0
29 info ok
