0 verbose cli C:\Program Files\nodejs\node.exe C:\Project\SoftwaredsnL\VSCode\Magnus\frontend\%AppData%\npm\node_modules\npm\bin\npm-cli.js
1 info using npm@11.7.0
2 info using node@v24.11.1
3 silly config load:file:C:\Project\SoftwaredsnL\VSCode\Magnus\frontend\%AppData%\npm\node_modules\npm\npmrc
4 silly config load:file:C:\Project\SoftwaredsnL\VSCode\Magnus\.npmrc
5 silly config load:file:C:\Users\AI LAB 32\.npmrc
6 silly config load:file:C:\Project\SoftwaredsnL\VSCode\Magnus\frontend\%AppData%\npm\etc\npmrc
7 verbose title npm i @reduxjs/toolki
8 verbose argv "i" "@reduxjs/toolki"
9 verbose logfile logs-max:10 dir:C:\Project\SoftwaredsnL\VSCode\Magnus\frontend\%AppData%\npm-cache\_logs\2026-01-08T12_05_56_213Z-
10 verbose logfile C:\Project\SoftwaredsnL\VSCode\Magnus\frontend\%AppData%\npm-cache\_logs\2026-01-08T12_05_56_213Z-debug-0.log
11 silly logfile done cleaning log files
12 silly packumentCache heap:4496293888 maxSize:1124073472 maxEntrySize:562036736
13 silly idealTree buildDeps
14 silly fetch manifest @reduxjs/toolki@*
15 silly packumentCache full:https://registry.npmjs.org/@reduxjs%2ftoolki cache-miss
16 notice Access token expired or revoked. Please try logging in again.
17 http fetch GET 404 https://registry.npmjs.org/@reduxjs%2ftoolki 981ms (cache skip)
18 silly placeDep ROOT @reduxjs/toolki@ OK for: frontend@0.1.0 want: *
19 silly fetch manifest yaml@^2.4.2
20 silly packumentCache full:https://registry.npmjs.org/yaml cache-miss
21 http cache https://registry.npmjs.org/yaml 9ms (cache hit)
22 silly packumentCache full:https://registry.npmjs.org/yaml set size:364997 disposed:false
23 silly placeDep node_modules/tailwindcss yaml@2.8.2 OK for: postcss-load-config@6.0.1 want: ^2.4.2
24 verbose stack HttpErrorGeneral: 404 Not Found - GET https://registry.npmjs.org/@reduxjs%2ftoolki - Not found
24 verbose stack     at C:\Project\SoftwaredsnL\VSCode\Magnus\frontend\%AppData%\npm\node_modules\npm\node_modules\npm-registry-fetch\lib\check-response.js:103:15
24 verbose stack     at process.processTicksAndRejections (node:internal/process/task_queues:103:5)
24 verbose stack     at async RegistryFetcher.packument (C:\Project\SoftwaredsnL\VSCode\Magnus\frontend\%AppData%\npm\node_modules\npm\node_modules\pacote\lib\registry.js:90:19)
24 verbose stack     at async RegistryFetcher.manifest (C:\Project\SoftwaredsnL\VSCode\Magnus\frontend\%AppData%\npm\node_modules\npm\node_modules\pacote\lib\registry.js:128:23)
24 verbose stack     at async #fetchManifest (C:\Project\SoftwaredsnL\VSCode\Magnus\frontend\%AppData%\npm\node_modules\npm\node_modules\@npmcli\arborist\lib\arborist\build-ideal-tree.js:1216:20)
24 verbose stack     at async #nodeFromEdge (C:\Project\SoftwaredsnL\VSCode\Magnus\frontend\%AppData%\npm\node_modules\npm\node_modules\@npmcli\arborist\lib\arborist\build-ideal-tree.js:1054:19)
24 verbose stack     at async #buildDepStep (C:\Project\SoftwaredsnL\VSCode\Magnus\frontend\%AppData%\npm\node_modules\npm\node_modules\@npmcli\arborist\lib\arborist\build-ideal-tree.js:918:11)
24 verbose stack     at async Arborist.buildIdealTree (C:\Project\SoftwaredsnL\VSCode\Magnus\frontend\%AppData%\npm\node_modules\npm\node_modules\@npmcli\arborist\lib\arborist\build-ideal-tree.js:170:7)
24 verbose stack     at async Promise.all (index 1)
24 verbose stack     at async Arborist.reify (C:\Project\SoftwaredsnL\VSCode\Magnus\frontend\%AppData%\npm\node_modules\npm\node_modules\@npmcli\arborist\lib\arborist\reify.js:110:5)
25 verbose statusCode 404
26 verbose pkgid @reduxjs/toolki@*
27 error code E404
28 error 404 Not Found - GET https://registry.npmjs.org/@reduxjs%2ftoolki - Not found
29 error 404
30 error 404  The requested resource '@reduxjs/toolki@*' could not be found or you do not have permission to access it.
31 error 404
32 error 404 Note that you can also install from a
33 error 404 tarball, folder, http url, or git url.
34 silly unfinished npm timer reify 1767873956466
35 silly unfinished npm timer reify:loadTrees 1767873956466
36 verbose cwd C:\Project\SoftwaredsnL\VSCode\Magnus\frontend
37 verbose os Windows_NT 10.0.22621
38 verbose node v24.11.1
39 verbose npm  v11.7.0
40 verbose exit 1
41 verbose code 1
42 error A complete log of this run can be found in: C:\Project\SoftwaredsnL\VSCode\Magnus\frontend\%AppData%\npm-cache\_logs\2026-01-08T12_05_56_213Z-debug-0.log
